###############################################################################
#
# IAR ELF Linker V8.22.1.15669/W32 for ARM                09/Mar/2019  20:20:30
# Copyright 2007-2018 IAR Systems AB.
#
#    Output file  =  
#        C:\zxh\KEA Demo\KEA Demo\IAR\Flash_Debug\Exe\SEUsmartcar_KEA.out
#    Map file     =  
#        C:\zxh\KEA Demo\KEA Demo\IAR\Flash_Debug\List\SEUsmartcar_KEA.map
#    Command line =  
#        -f C:\Users\24509\AppData\Local\Temp\EWDEAC.tmp ("C:\zxh\KEA Demo\KEA
#        Demo\IAR\Flash_Debug\Obj\cstartup_M_KEA128.o" "C:\zxh\KEA Demo\KEA
#        Demo\IAR\Flash_Debug\Obj\delay.o" "C:\zxh\KEA Demo\KEA
#        Demo\IAR\Flash_Debug\Obj\font.o" "C:\zxh\KEA Demo\KEA
#        Demo\IAR\Flash_Debug\Obj\KEA128_ADC.o" "C:\zxh\KEA Demo\KEA
#        Demo\IAR\Flash_Debug\Obj\KEA128_FLASH.o" "C:\zxh\KEA Demo\KEA
#        Demo\IAR\Flash_Debug\Obj\KEA128_FTM.o" "C:\zxh\KEA Demo\KEA
#        Demo\IAR\Flash_Debug\Obj\KEA128_GPIO.o" "C:\zxh\KEA Demo\KEA
#        Demo\IAR\Flash_Debug\Obj\KEA128_IRQ.o" "C:\zxh\KEA Demo\KEA
#        Demo\IAR\Flash_Debug\Obj\KEA128_KBI.o" "C:\zxh\KEA Demo\KEA
#        Demo\IAR\Flash_Debug\Obj\KEA128_PIT.o" "C:\zxh\KEA Demo\KEA
#        Demo\IAR\Flash_Debug\Obj\KEA128_Port.o" "C:\zxh\KEA Demo\KEA
#        Demo\IAR\Flash_Debug\Obj\KEA128_RTC.o" "C:\zxh\KEA Demo\KEA
#        Demo\IAR\Flash_Debug\Obj\KEA128_spi.o" "C:\zxh\KEA Demo\KEA
#        Demo\IAR\Flash_Debug\Obj\KEA128_systick.o" "C:\zxh\KEA Demo\KEA
#        Demo\IAR\Flash_Debug\Obj\KEA128_UART.o" "C:\zxh\KEA Demo\KEA
#        Demo\IAR\Flash_Debug\Obj\low_level_init.o" "C:\zxh\KEA Demo\KEA
#        Demo\IAR\Flash_Debug\Obj\main.o" "C:\zxh\KEA Demo\KEA
#        Demo\IAR\Flash_Debug\Obj\misc.o" "C:\zxh\KEA Demo\KEA
#        Demo\IAR\Flash_Debug\Obj\OLED_0_96.o" "C:\zxh\KEA Demo\KEA
#        Demo\IAR\Flash_Debug\Obj\SEEKFREE_IIC.o" "C:\zxh\KEA Demo\KEA
#        Demo\IAR\Flash_Debug\Obj\SEEKFREE_MPU6050.o" "C:\zxh\KEA Demo\KEA
#        Demo\IAR\Flash_Debug\Obj\system_SKEAZ1284.o" "C:\zxh\KEA Demo\KEA
#        Demo\IAR\Flash_Debug\Obj\TFT_1_8.o" -o "C:\zxh\KEA Demo\KEA
#        Demo\IAR\Flash_Debug\Exe\SEUsmartcar_KEA.out" --redirect
#        _Scanf=_ScanfSmallNoMb --map "C:\zxh\KEA Demo\KEA
#        Demo\IAR\Flash_Debug\List\SEUsmartcar_KEA.map" --config "C:\zxh\KEA
#        Demo\KEA Demo\IAR\..\Libraries\Device\IAR-ARM\linker\KEAZ128xxx4.icf"
#        --semihosting --entry __iar_program_start --vfe --text_out locale)
#
###############################################################################

*******************************************************************************
*** RUNTIME MODEL ATTRIBUTES
***

CppFlavor       = *
__SystemLibrary = DLib
__dlib_version  = 6


*******************************************************************************
*** HEAP SELECTION
***

The basic heap was selected because no calls to memory allocation
functions were found in the application outside of system library
functions, and there are calls to deallocation functions in the
application.


*******************************************************************************
*** PLACEMENT SUMMARY
***

"A0":  place at 0x00000000 { ro section .intvec };
"P2":  place in [from 0x00000000 to 0x000003ff] |
                [from 0x00000410 to 0x0001ffff] { ro };
define block CSTACK with size = 1K, alignment = 8 { };
define block HEAP with size = 0M, alignment = 8 { };
"P3":  place in [from 0x1ffff000 to 0x1fffffff] |
                [from 0x20000000 to 0x20002fff] {
          rw, block CSTACK, block HEAP };
initialize by copy { rw };

No sections matched the following patterns:

  section FlashConfig  in "P1"


  Section            Kind        Address    Size  Object
  -------            ----        -------    ----  ------
"A0":                                       0xc0
  .intvec            ro code  0x00000000    0xc0  cstartup_M_KEA128.o [1]
                            - 0x000000c0    0xc0

"P2", part 1 of 2:                          0x48
  .rodata            const    0x000000c0     0x0  zero_init3.o [5]
  .rodata            const    0x000000c0     0x0  copy_init3.o [5]
  Initializer bytes  const    0x000000c0    0x48  <for P3 s0>
                            - 0x00000108    0x48

"P2", part 2 of 2:                        0x2f50
  .text              ro code  0x00000410   0xc6a  xprintflarge_nomb.o [3]
  .text              ro code  0x0000107a    0x16  strchr.o [5]
  .text              ro code  0x00001090    0x48  xfail_s.o [3]
  .text              ro code  0x000010d8    0x10  strlen.o [5]
  .text              ro code  0x000010e8    0x18  memchr.o [5]
  .text              ro code  0x00001100    0x6a  I64DivMod.o [5]
  .text              ro code  0x0000116a   0x184  DblMul.o [4]
  .text              ro code  0x000012ee     0xa  xsprout.o [3]
  .text              ro code  0x000012f8    0x5c  ABImemcpy.o [5]
  .text              ro code  0x00001354    0xe0  I32DivModFast.o [5]
  .text              ro code  0x00001434    0x32  DblCmpLe.o [4]
  .text              ro code  0x00001466    0xc2  DblDiv.o [4]
  .text              ro code  0x00001528    0x2e  DblToI32.o [4]
  .text              ro code  0x00001556     0x2  cstartup_M_KEA128.o [1]
  .text              ro code  0x00001558    0x34  IxxToDbl.o [4]
  .text              ro code  0x0000158c   0x1a8  DblAddSub.o [4]
  .text              ro code  0x00001734     0xa  abort.o [3]
  .text              ro code  0x00001740     0x2  I64DivZer.o [5]
  .text              ro code  0x00001744     0x2  IntDivZer.o [5]
  .text              ro code  0x00001748    0x14  exit.o [6]
  .text              ro code  0x0000175c   0x67c  KEA128_FTM.o [1]
  .text              ro code  0x00001dd8   0x5d8  main.o [1]
  .text              ro code  0x000023b0    0xb0  FltMul.o [4]
  .text              ro code  0x00002460   0x120  FltAddSub.o [4]
  .text              ro code  0x00002580    0x26  FltCmpLe.o [4]
  .text              ro code  0x000025a8    0x28  FltCmpGe.o [4]
  .text              ro code  0x000025d0   0x1ac  KEA128_GPIO.o [1]
  .text              ro code  0x0000277c    0x4e  delay.o [1]
  .text              ro code  0x000027cc    0x26  FltToU32.o [4]
  .text              ro code  0x000027f4    0x78  KEA128_ADC.o [1]
  .text              ro code  0x0000286c    0x36  IxxToFlt.o [4]
  .text              ro code  0x000028a4    0x32  FltToDbl.o [4]
  .text              ro code  0x000028d6    0x62  DblToFlt.o [4]
  .text              ro code  0x00002938   0x270  OLED_0_96.o [1]
  .text              ro code  0x00002ba8    0xd8  KEA128_PIT.o [1]
  .text              ro code  0x00002c80   0x14c  system_SKEAZ1284.o [1]
  .text              ro code  0x00002dcc   0x28c  KEA128_UART.o [1]
  .text              ro code  0x00003058    0x40  sprintf.o [3]
  .text              ro code  0x00003098    0x70  KEA128_Port.o [1]
  .text              ro code  0x00003108    0xac  KEA128_KBI.o [1]
  .text              ro code  0x000031b4    0x40  low_level_init.o [1]
  .text              ro code  0x000031f4    0x3c  zero_init3.o [5]
  .text              ro code  0x00003230    0x30  copy_init3.o [5]
  .text              ro code  0x00003260    0x28  data_init.o [5]
  .iar.init_table    const    0x00003288    0x24  - Linker created -
  .text              ro code  0x000032ac    0x1e  cmain.o [5]
  .text              ro code  0x000032ca     0x8  exit.o [3]
  .text              ro code  0x000032d4     0xa  cexit.o [5]
  .rodata            const    0x000032e0    0x18  system_SKEAZ1284.o [1]
  .rodata            const    0x000032f8     0xc  KEA128_FTM.o [1]
  .rodata            const    0x00003304     0xc  KEA128_GPIO.o [1]
  .rodata            const    0x00003310     0xc  KEA128_Port.o [1]
  .rodata            const    0x0000331c     0xc  main.o [1]
  .rodata            const    0x00003328     0xc  main.o [1]
  .text              ro code  0x00003334     0xc  cstartup_M.o [5]
  .rodata            const    0x00003340     0x8  main.o [1]
  .rodata            const    0x00003348     0x8  main.o [1]
  .rodata            const    0x00003350     0x8  main.o [1]
  .rodata            const    0x00003358     0x8  main.o [1]
                            - 0x00003360  0x2f50

"P3", part 1 of 3:                          0x48
  P3 s0                       0x1ffff000    0x48  <Init block>
    .data            inited   0x1ffff000    0x20  main.o [1]
    .data            inited   0x1ffff020     0xc  KEA128_UART.o [1]
    .data            inited   0x1ffff02c     0x4  main.o [1]
    .data            inited   0x1ffff030     0x4  main.o [1]
    .data            inited   0x1ffff034     0x4  system_SKEAZ1284.o [1]
    .data            inited   0x1ffff038     0x4  system_SKEAZ1284.o [1]
    .data            inited   0x1ffff03c     0x4  system_SKEAZ1284.o [1]
    .data            inited   0x1ffff040     0x4  system_SKEAZ1284.o [1]
    .data            inited   0x1ffff044     0x4  system_SKEAZ1284.o [1]
                            - 0x1ffff048    0x48

"P3", part 2 of 3:                         0x4b4
  .bss               zero     0x1ffff048   0x400  OLED_0_96.o [1]
  .bss               zero     0x1ffff448    0x14  main.o [1]
  .bss               zero     0x1ffff45c    0x14  main.o [1]
  .bss               zero     0x1ffff470    0x14  main.o [1]
  .bss               zero     0x1ffff484    0x14  main.o [1]
  .bss               zero     0x1ffff498    0x14  main.o [1]
  .bss               zero     0x1ffff4ac    0x14  main.o [1]
  .bss               zero     0x1ffff4c0    0x14  main.o [1]
  .bss               zero     0x1ffff4d4     0x8  KEA128_FTM.o [1]
  .bss               zero     0x1ffff4dc     0x4  KEA128_KBI.o [1]
  .bss               zero     0x1ffff4e0     0x4  KEA128_PIT.o [1]
  .bss               zero     0x1ffff4e4     0x4  KEA128_UART.o [1]
  .bss               zero     0x1ffff4e8     0x4  main.o [1]
  .bss               zero     0x1ffff4ec     0x4  main.o [1]
  .bss               zero     0x1ffff4f0     0x4  xfail_s.o [3]
  .bss               zero     0x1ffff4f4     0x2  main.o [1]
  .bss               zero     0x1ffff4f6     0x2  main.o [1]
  .bss               zero     0x1ffff4f8     0x2  main.o [1]
  .bss               zero     0x1ffff4fa     0x1  main.o [1]
                            - 0x1ffff4fb   0x4b3

"P3", part 3 of 3:                         0x400
  CSTACK                      0x1ffff500   0x400  <Block>
    CSTACK           uninit   0x1ffff500   0x400  <Block tail>
                            - 0x1ffff900   0x400


*******************************************************************************
*** INIT TABLE
***

          Address     Size
          -------     ----
Zero (__iar_zero_init3)
    1 destination range, total size 0x4b3:
          0x1ffff048  0x4b3

Copy (__iar_copy_init3)
    1 source range, total size 0x48:
          0x000000c0   0x48
    1 destination range, total size 0x48:
          0x1ffff000   0x48



*******************************************************************************
*** MODULE SUMMARY
***

    Module               ro code  ro data  rw data
    ------               -------  -------  -------
C:\zxh\KEA Demo\KEA Demo\IAR\Flash_Debug\Obj: [1]
    KEA128_ADC.o             120
    KEA128_FTM.o           1 660       12        8
    KEA128_GPIO.o            428       12
    KEA128_KBI.o             172                 4
    KEA128_PIT.o             216                 4
    KEA128_Port.o            112       12
    KEA128_UART.o            652       12       16
    OLED_0_96.o              624             1 024
    cstartup_M_KEA128.o      194
    delay.o                   78
    low_level_init.o          64
    main.o                 1 496       96      195
    system_SKEAZ1284.o       332       44       20
    ----------------------------------------------
    Total:                 6 148      188    1 271

command line: [2]
    ----------------------------------------------
    Total:

dl6M_tln.a: [3]
    abort.o                   10
    exit.o                     8
    sprintf.o                 64
    xfail_s.o                 72                 4
    xprintflarge_nomb.o    3 178
    xsprout.o                 10
    ----------------------------------------------
    Total:                 3 342                 4

m6M_tl.a: [4]
    DblAddSub.o              424
    DblCmpLe.o                50
    DblDiv.o                 194
    DblMul.o                 388
    DblToFlt.o                98
    DblToI32.o                46
    FltAddSub.o              288
    FltCmpGe.o                40
    FltCmpLe.o                38
    FltMul.o                 176
    FltToDbl.o                50
    FltToU32.o                38
    IxxToDbl.o                52
    IxxToFlt.o                54
    ----------------------------------------------
    Total:                 1 936

rt6M_tl.a: [5]
    ABImemcpy.o               92
    I32DivModFast.o          224
    I64DivMod.o              106
    I64DivZer.o                2
    IntDivZer.o                2
    cexit.o                   10
    cmain.o                   30
    copy_init3.o              48
    cstartup_M.o              12
    data_init.o               40
    memchr.o                  24
    strchr.o                  22
    strlen.o                  16
    zero_init3.o              60
    ----------------------------------------------
    Total:                   688

shb_l.a: [6]
    exit.o                    20
    ----------------------------------------------
    Total:                    20

    Gaps                      16        2
    Linker created                     36    1 024
--------------------------------------------------
    Grand Total:          12 150      226    2 299


*******************************************************************************
*** ENTRY LIST
***

Entry                      Address   Size  Type      Object
-----                      -------   ----  ----      ------
.iar.init_table$$Base   0x00003288          --   Gb  - Linker created -
.iar.init_table$$Limit  0x000032ac          --   Gb  - Linker created -
?main                   0x000032ad         Code  Gb  cmain.o [5]
AD0                     0x1ffff4f4    0x2  Data  Gb  main.o [1]
AD1                     0x1ffff4f6    0x2  Data  Gb  main.o [1]
ADC_Init                0x000027f5   0x30  Code  Gb  KEA128_ADC.o [1]
ADC_Read                0x00002825   0x2e  Code  Gb  KEA128_ADC.o [1]
CSTACK$$Base            0x1ffff500          --   Gb  - Linker created -
CSTACK$$Limit           0x1ffff900          --   Gb  - Linker created -
Clock_Config            0x00002c81   0x38  Code  Gb  system_SKEAZ1284.o [1]
Control                 0x00002055   0x30  Code  Gb  main.o [1]
Enable_Interrupt        0x00002d5f   0x38  Code  Gb  system_SKEAZ1284.o [1]
FTMX                    0x000032f8    0xc  Data  Lc  KEA128_FTM.o [1]
FTM_Enable_CLK          0x00001c81   0x1c  Code  Lc  KEA128_FTM.o [1]
FTM_PWM_Duty            0x00001b99   0xd6  Code  Gb  KEA128_FTM.o [1]
FTM_PWM_Init            0x00001a05  0x18e  Code  Gb  KEA128_FTM.o [1]
FTM_Pinmux              0x0000175d  0x290  Code  Gb  KEA128_FTM.o [1]
FTM_Pulse_Get           0x00001dad   0x18  Code  Gb  KEA128_FTM.o [1]
FTM_Pulse_Init          0x00001d23   0x8a  Code  Gb  KEA128_FTM.o [1]
FTM_Pulse_Pinmux        0x00001c9f   0x82  Code  Gb  KEA128_FTM.o [1]
GPIOX                   0x00003304    0xc  Data  Lc  KEA128_GPIO.o [1]
GPIO_Dir                0x00002633   0xbe  Code  Gb  KEA128_GPIO.o [1]
GPIO_Get                0x000026f1   0x20  Code  Gb  KEA128_GPIO.o [1]
GPIO_Init               0x000025d1   0x62  Code  Gb  KEA128_GPIO.o [1]
GPIO_Set                0x00002711   0x4a  Code  Gb  KEA128_GPIO.o [1]
GPIO_Turn               0x0000275b   0x1c  Code  Gb  KEA128_GPIO.o [1]
Get_Clk                 0x00002cb9   0xa6  Code  Gb  system_SKEAZ1284.o [1]
KBI0_IRQHandler         0x00003109   0x4c  Code  Gb  KEA128_KBI.o [1]
KBI1_IRQHandler         0x00003155   0x4a  Code  Gb  KEA128_KBI.o [1]
KBI_Callback            0x1ffff4dc    0x4  Data  Gb  KEA128_KBI.o [1]
LoadInt                 0x000005bd   0x74  Code  Lc  xprintflarge_nomb.o [3]
OLED_Clear              0x00002a31   0x36  Code  Gb  OLED_0_96.o [1]
OLED_GRAM               0x1ffff048  0x400  Data  Gb  OLED_0_96.o [1]
OLED_Init               0x00002a6d  0x13c  Code  Gb  OLED_0_96.o [1]
OLED_Refresh_Gram       0x000029dd   0x54  Code  Gb  OLED_0_96.o [1]
OLED_Set_Pos            0x00002997   0x46  Code  Gb  OLED_0_96.o [1]
OLED_WR_Byte            0x00002939   0x5e  Code  Gb  OLED_0_96.o [1]
PIT_CH0_IRQHandler      0x00002c3f   0x18  Code  Gb  KEA128_PIT.o [1]
PIT_CH1_IRQHandler      0x00002c59   0x18  Code  Gb  KEA128_PIT.o [1]
PIT_Callback            0x1ffff4e0    0x4  Data  Gb  KEA128_PIT.o [1]
PIT_Init1               0x00002ba9   0x84  Code  Gb  KEA128_PIT.o [1]
PIT_Interrupt           0x00002085   0x5c  Code  Gb  main.o [1]
PIT_SetCallback         0x00002c39    0x6  Code  Gb  KEA128_PIT.o [1]
Port_Pue                0x00003099   0x6a  Code  Gb  KEA128_Port.o [1]
Region$$Table$$Base     0x00003288          --   Gb  - Linker created -
Region$$Table$$Limit    0x000032ac          --   Gb  - Linker created -
Soft_Delay_ms           0x000027b1   0x1a  Code  Gb  delay.o [1]
Soft_Delay_us           0x0000277d   0x30  Code  Gb  delay.o [1]
UART0_SCI0_IRQHandler   0x00002fdd   0x22  Code  Gb  KEA128_UART.o [1]
UART1_SCI1_IRQHandler   0x00003005   0x22  Code  Gb  KEA128_UART.o [1]
UART2_SCI2_IRQHandler   0x00003027   0x22  Code  Gb  KEA128_UART.o [1]
UART_Callback           0x1ffff4e4    0x4  Data  Gb  KEA128_UART.o [1]
UART_Init               0x00002e89   0xf8  Code  Gb  KEA128_UART.o [1]
UART_Pinmux             0x00002dcd   0xbc  Code  Gb  KEA128_UART.o [1]
UART_Putchar            0x00002f81   0x22  Code  Gb  KEA128_UART.o [1]
UART_Putstr             0x00002fa3   0x1c  Code  Gb  KEA128_UART.o [1]
_GenldLargeNoMb         0x00000df5  0x250  Code  Lc  xprintflarge_nomb.o [3]
_LdtobLargeNoMb         0x00000b51  0x262  Code  Lc  xprintflarge_nomb.o [3]
_LitobLargeNoMb         0x000009ed  0x11a  Code  Lc  xprintflarge_nomb.o [3]
_PrintfLargeNoMb        0x00000411  0x1a0  Code  Gb  xprintflarge_nomb.o [3]
_PutcharsLargeNoMb      0x00001045   0x32  Code  Lc  xprintflarge_nomb.o [3]
_PutfldLargeNoMb        0x00000631  0x25c  Code  Lc  xprintflarge_nomb.o [3]
_PuttxtLargeNoMb        0x000008d9  0x114  Code  Lc  xprintflarge_nomb.o [3]
_SProut                 0x000012ef    0xa  Code  Gb  xsprout.o [3]
__aeabi_cdcmple         0x00001435         Code  Gb  DblCmpLe.o [4]
__aeabi_cfcmple         0x00002581         Code  Gb  FltCmpLe.o [4]
__aeabi_cfrcmple        0x000025a9         Code  Gb  FltCmpGe.o [4]
__aeabi_d2f             0x000028d7         Code  Gb  DblToFlt.o [4]
__aeabi_d2uiz           0x00001529         Code  Gb  DblToI32.o [4]
__aeabi_ddiv            0x00001467         Code  Gb  DblDiv.o [4]
__aeabi_dmul            0x0000116b         Code  Gb  DblMul.o [4]
__aeabi_dsub            0x00001647         Code  Gb  DblAddSub.o [4]
__aeabi_f2d             0x000028a5         Code  Gb  FltToDbl.o [4]
__aeabi_f2uiz           0x000027cd         Code  Gb  FltToU32.o [4]
__aeabi_fadd            0x00002461         Code  Gb  FltAddSub.o [4]
__aeabi_fmul            0x000023b1         Code  Gb  FltMul.o [4]
__aeabi_fsub            0x000024d1         Code  Gb  FltAddSub.o [4]
__aeabi_i2d             0x00001579         Code  Gb  IxxToDbl.o [4]
__aeabi_i2f             0x0000288d         Code  Gb  IxxToFlt.o [4]
__aeabi_idiv            0x00001381         Code  Gb  I32DivModFast.o [5]
__aeabi_idiv0           0x00001745         Code  Gb  IntDivZer.o [5]
__aeabi_idivmod         0x00001381         Code  Gb  I32DivModFast.o [5]
__aeabi_ldiv0           0x00001741         Code  Gb  I64DivZer.o [5]
__aeabi_memcpy          0x000012f9         Code  Gb  ABImemcpy.o [5]
__aeabi_memcpy4         0x00001321         Code  Wk  ABImemcpy.o [5]
__aeabi_ui2d            0x00001559         Code  Gb  IxxToDbl.o [4]
__aeabi_ui2f            0x0000286d         Code  Gb  IxxToFlt.o [4]
__aeabi_uidiv           0x00001387         Code  Gb  I32DivModFast.o [5]
__aeabi_uidivmod        0x00001387         Code  Gb  I32DivModFast.o [5]
__aeabi_uldivmod        0x00001101         Code  Gb  I64DivMod.o [5]
__cmain                 0x000032ad         Code  Gb  cmain.o [5]
__exit                  0x00001749   0x14  Code  Gb  exit.o [6]
__iar_Fail_s            0x00001091   0x22  Code  Gb  xfail_s.o [3]
__iar_copy_init3        0x00003231   0x30  Code  Gb  copy_init3.o [5]
__iar_d2uiz             0x0000152d         Code  Gb  DblToI32.o [4]
__iar_data_init3        0x00003261   0x28  Code  Gb  data_init.o [5]
__iar_program_start     0x00003335         Code  Gb  cstartup_M.o [5]
__iar_systems$$module {Abs}
                        0x00000001         Data  Gb  command line/config [2]
__iar_zero_init3        0x000031f5   0x3c  Code  Gb  zero_init3.o [5]
__low_level_init        0x000031b5   0x40  Code  Gb  low_level_init.o [1]
__vector_table          0x00000000         Data  Gb  cstartup_M_KEA128.o [1]
_call_main              0x000032b9         Code  Gb  cmain.o [5]
_exit                   0x000032d5         Code  Gb  cexit.o [5]
_main                   0x000032c7         Code  Gb  cmain.o [5]
abort                   0x00001735    0xa  Code  Gb  abort.o [3]
bus_clk_khz             0x1ffff044    0x4  Data  Gb  system_SKEAZ1284.o [1]
core_clk_khz            0x1ffff03c    0x4  Data  Gb  system_SKEAZ1284.o [1]
count                   0x1ffff4f8    0x2  Data  Gb  main.o [1]
counttime               0x1ffff4e8    0x4  Data  Gb  main.o [1]
ex_clk_khz              0x1ffff034    0x4  Data  Gb  system_SKEAZ1284.o [1]
exit                    0x000032cb    0x8  Code  Gb  exit.o [3]
flag                    0x1ffff02c    0x4  Data  Gb  main.o [1]
ics_clk_khz             0x1ffff038    0x4  Data  Gb  system_SKEAZ1284.o [1]
main                    0x00002121  0x220  Code  Gb  main.o [1]
memchr                  0x000010e9   0x18  Code  Gb  memchr.o [5]
period                  0x1ffff4d4    0x8  Data  Gb  KEA128_FTM.o [1]
pid_init                0x00001dd9   0x12  Code  Gb  main.o [1]
realOutput              0x1ffff4ec    0x4  Data  Gb  main.o [1]
scale                   0x00000b07   0x48  Code  Lc  xprintflarge_nomb.o [3]
sd5_control             0x00001e7b  0x1da  Code  Gb  main.o [1]
sd5_init                0x00001e51   0x2a  Code  Gb  main.o [1]
sec_hand                0x1ffff4f0    0x4  Data  Lc  xfail_s.o [3]
spring_oled1            0x1ffff448   0x14  Data  Gb  main.o [1]
spring_oled2            0x1ffff45c   0x14  Data  Gb  main.o [1]
spring_oled3            0x1ffff470   0x14  Data  Gb  main.o [1]
spring_oled4            0x1ffff484   0x14  Data  Gb  main.o [1]
spring_oled5            0x1ffff498   0x14  Data  Gb  main.o [1]
spring_oled6            0x1ffff4ac   0x14  Data  Gb  main.o [1]
spring_oled7            0x1ffff4c0   0x14  Data  Gb  main.o [1]
sprintf                 0x00003059   0x40  Code  Gb  sprintf.o [3]
stableOutput            0x1ffff030    0x4  Data  Gb  main.o [1]
status                  0x1ffff4fa    0x1  Data  Gb  main.o [1]
steer                   0x1ffff000   0x20  Data  Gb  main.o [1]
strchr                  0x0000107b    0x2  Code  Gb  strchr.o [5]
strlen                  0x000010d9   0x10  Code  Gb  strlen.o [5]
timer_clk_khz           0x1ffff040    0x4  Data  Gb  system_SKEAZ1284.o [1]
uart                    0x1ffff020    0xc  Data  Gb  KEA128_UART.o [1]
updat_pid               0x00001deb   0x66  Code  Gb  main.o [1]


[1] = C:\zxh\KEA Demo\KEA Demo\IAR\Flash_Debug\Obj
[2] = command line
[3] = dl6M_tln.a
[4] = m6M_tl.a
[5] = rt6M_tl.a
[6] = shb_l.a

  12 150 bytes of readonly  code memory
     226 bytes of readonly  data memory
   2 299 bytes of readwrite data memory

Errors: none
Warnings: none
